node.exe : ts-jest[config] (WARN) [94mmessage[0m[90m TS151002: [0mUsing hyb
rid module kind (Node16/18/Next) is only supported in "isolatedModules: true". 
Please set "isolatedModules: true" in your tsconfig.json. To disable this messa
ge, you can set "diagnostics.ignoreCodes" to include 151002 in your ts-jest con
fig. See more at https://kulshekhar.github.io/ts-jest/docs/getting-started/opti
ons/diagnostics
所在位置 C:\Program Files\nodejs\npx.ps1:29 字符: 3
+   & $NODE_EXE $NPX_CLI_JS $args
+   ~~~~~~~~~~~~~~~~~~~~~~~~~~~~~
    + CategoryInfo          : NotSpecified: (ts-jest[config]...ons/diagnostics 
   :String) [], RemoteException
    + FullyQualifiedErrorId : NativeCommandError
 
FAIL src/tests/auth.test.ts
  鈼?Test suite failed to run

    [96msrc/index.ts[0m:[93m9[0m:[93m34[0m - [91merror[0m[90m TS1343: 
[0mThe 'import.meta' meta-property is only allowed when the '--module' option 
is 'es2020', 'es2022', 'esnext', 'system', 'node16', 'node18', 'node20', or 'no
denext'.

    [7m9[0m const __filename = fileURLToPath(import.meta.url)
    [7m [0m [91m                                 ~~~~~~~~~~~[0m

Test Suites: 1 failed, 1 total
Tests:       0 total
Snapshots:   0 total
Time:        3.555 s
Ran all test suites matching src/tests/auth.test.ts.
Force exiting Jest: Have you considered using `--detectOpenHandles` to detect a
sync operations that kept running after all tests finished?
